#./src/main/resources/Entities.map
#Thu Apr 18 17:45:16 CEST 2019
userHacker3=111
userHacker2=110
userHacker1=109
miscellaneousData5=166
curricula1_copy=131
miscellaneousData3_2=157
miscellaneousData3_1=156
educationData1_copy=133
personalData1_copy=132
personalData8=150
personalData7=142
problem1_c2=184
personalData6=136
problem1_c1=178
personalData5=164
positionData6_2=140
personalData4=160
positionData6_1=139
personalData3=154
personalData2=146
problem2_c2=185
personalData1=128
application1_h1=191
problem3_c2=186
problem3_c1=180
finderH5=172
finderH4=171
finderH3=170
problem4_c2=187
finderH2=169
problem4_c1=181
finderH1=168
userAdmin2=108
userAdmin1=107
problem5_c2=188
problem5_c1=182
administrator2=118
administrator1=117
problem6_c1=183
curricula8=149
curricula7=141
curricula6=135
curricula5=163
curricula4=159
positionData1_copy=134
curricula3=153
curricula2=145
curricula1=127
company3=126
company2=125
company1=124
sysConf=190
position2_c2=177
position2_c1=174
positionData8=152
positionData7=144
position3c1=175
positionData5=167
positionData4=162
positionData3=158
positionData2=148
positionData1=130
position1c2=176
position1c1=173
educationData8=151
educationData7=143
educationData5=165
educationData4=161
educationData3=155
educationData2=147
educationData1=129
educationData6_2=138
educationData6_1=137
userCompany3=116
hacker5=123
userCompany2=115
hacker4=122
hacker3=121
userCompany1=114
hacker2=120
hacker1=119
problem2c1=179
problem1c3=189
userHacker5=113
userHacker4=112
