#./src/main/resources/Entities.map
#Tue Apr 16 13:09:32 CEST 2019
userHacker3=155
userHacker2=154
userHacker1=153
miscellaneousData5=210
curricula1_copy=175
miscellaneousData3_2=201
miscellaneousData3_1=200
educationData1_copy=177
personalData1_copy=176
personalData8=194
problem1_c3=233
personalData7=186
problem1_c2=228
personalData6=180
problem1_c1=222
personalData5=208
positionData6_2=184
personalData4=204
positionData6_1=183
personalData3=198
personalData2=190
problem2_c2=229
personalData1=172
problem2_c1=223
application1_h2=236
application1_h1=235
problem3_c2=230
problem3_c1=224
application2_h2=237
finderH5=216
finderH4=215
finderH3=214
problem4_c2=231
finderH2=213
problem4_c1=225
finderH1=212
userAdmin2=152
userAdmin1=151
problem5_c2=232
problem5_c1=226
administrator2=162
administrator1=161
problem6_c1=227
curricula8=193
curricula7=185
curricula6=179
curricula5=207
curricula4=203
positionData1_copy=178
curricula3=197
curricula2=189
curricula1=171
company3=170
company2=169
company1=168
sysConf=234
position1_c2=220
position1_c1=217
position2_c2=221
position2_c1=218
positionData8=196
positionData7=188
positionData5=211
positionData4=206
position3_c1=219
positionData3=202
positionData2=192
positionData1=174
educationData8=195
educationData7=187
educationData5=209
educationData4=205
educationData3=199
educationData2=191
educationData1=173
educationData6_2=182
educationData6_1=181
userCompany3=160
hacker5=167
userCompany2=159
hacker4=166
hacker3=165
userCompany1=158
hacker2=164
hacker1=163
userHacker5=157
userHacker4=156
